
3-upload kardan eksehaye akhabar modire va shekatha resize shawand
tareikh dorest namayesh dadeh nemishwad.

5-biz dar browser haye mokhtalef dorest karkond.